Paralelismo falhou: 
        An attempt has been made to start a new process before the
        current process has finished its bootstrapping phase.

        This probably means that you are not using fork to start your
        child processes and you have forgotten to use the proper idiom
        in the main module:

            if __name__ == '__main__':
                freeze_support()
                ...

        The "freeze_support()" line can be omitted if the program
        is not going to be frozen to produce an executable.

        To fix this issue, refer to the "Safe importing of main module"
        section in https://docs.python.org/3/library/multiprocessing.html
        . Usando sequencial.
Data files not found. Creating sample data for testing.
Testing parallel_feature_engineering (parallel mode, heavy ops=True)...
[OK] FamilySize in train and test.
[OK] IsAlone in train and test.
[OK] Title in train and test.
[OK] Deck in train and test.
[OK] TicketPrefix in train and test.
[OK] AgeClass in train and test.
[OK] FarePerPerson in train and test.
[OK] Title_Interactions in train and test.
[OK] feat_AgeBin in train and test.
[OK] feat_FareBin in train and test.
[OK] feat_AgeCategory_v2 in train and test.
[OK] feat_FareCategory_v2 in train and test.
[OK] feat_Age_missing in train and test.
[OK] feat_Cabin_missing in train and test.
[OK] feat_Embarked_missing in train and test.
[OK] feat_Fare_missing in train and test.
[OK] Data types verified.
Testing sequential mode...
[OK] Sequential and parallel modes produce consistent results.
Train columns: 34, Test columns: 33, Common: 33
Missing in test: {'Survived'}
[OK] Train and test columns aligned.
All tests passed! Enhanced parallel_feature_engineering function works correctly.
Data files not found. Creating sample data for testing.
Testing parallel_feature_engineering (parallel mode, heavy ops=True)...
[OK] FamilySize in train and test.
[OK] IsAlone in train and test.
[OK] Title in train and test.
[OK] Deck in train and test.
[OK] TicketPrefix in train and test.
[OK] AgeClass in train and test.
[OK] FarePerPerson in train and test.
[OK] Title_Interactions in train and test.
[OK] feat_AgeBin in train and test.
[OK] feat_FareBin in train and test.
[OK] feat_AgeCategory_v2 in train and test.
[OK] feat_FareCategory_v2 in train and test.
[OK] feat_Age_missing in train and test.
[OK] feat_Cabin_missing in train and test.
[OK] feat_Embarked_missing in train and test.
[OK] feat_Fare_missing in train and test.
[OK] Data types verified.
Testing sequential mode...
[OK] Sequential and parallel modes produce consistent results.
Train columns: 34, Test columns: 33, Common: 33
Missing in test: {'Survived'}
[OK] Train and test columns aligned.
All tests passed! Enhanced parallel_feature_engineering function works correctly.
