2025-12-06 22:26:24,390 - __main__ - INFO - ================================================================================
2025-12-06 22:26:24,390 - __main__ - INFO - INICIANDO PIPELINE DE TREINAMENTO - TITANIC
2025-12-06 22:26:24,390 - __main__ - INFO - ================================================================================
2025-12-06 22:26:24,390 - __main__ - INFO - 🚀 Rodando smoke tests antes do pipeline principal...
2025-12-06 22:26:24,391 - __main__ - INFO - 🧪 Iniciando SMOKE TESTS...
2025-12-06 22:26:24,391 - __main__ - INFO -    ✅ Diretórios e arquivos OK
2025-12-06 22:26:24,444 - __main__ - INFO -    ✅ Dados carregados: train=(50, 12), test=(30, 11)
2025-12-06 22:26:24,444 - titanic_pipeline.core.utils - INFO - 🔍 VALIDANDO SCHEMA: train.csv
2025-12-06 22:26:24,448 - titanic_pipeline.core.utils - INFO - ✅ Schema válido para train.csv: 50 linhas, 12 colunas
2025-12-06 22:26:24,448 - titanic_pipeline.core.utils - INFO -    📄 Relatório salvo em output/relatorios/schema_validation_train.csv.json
2025-12-06 22:26:24,448 - titanic_pipeline.core.utils - INFO - 🔍 VALIDANDO SCHEMA: test.csv
2025-12-06 22:26:24,452 - titanic_pipeline.core.utils - INFO - ✅ Schema válido para test.csv: 30 linhas, 11 colunas
2025-12-06 22:26:24,452 - titanic_pipeline.core.utils - INFO -    📄 Relatório salvo em output/relatorios/schema_validation_test.csv.json
2025-12-06 22:26:24,452 - __main__ - INFO -    ✅ Schema válido
2025-12-06 22:26:24,453 - titanic_pipeline.utils - INFO - 🔒 Global seeds set to 42
2025-12-06 22:26:24,453 - titanic_pipeline.preprocessing - INFO - AdvancedFeatureEngineer initialized: parallel=True, heavy_ops=True, training=True
2025-12-06 22:26:24,453 - titanic_pipeline.preprocessing - INFO - Starting advanced feature engineering...
2025-12-06 22:26:34,374 - titanic_pipeline.preprocessing - INFO - Features de família criadas: FamilySize, IsAlone.
2025-12-06 22:26:34,379 - titanic_pipeline.preprocessing - INFO - Feature Title extraída de Name.
2025-12-06 22:26:34,386 - titanic_pipeline.preprocessing - INFO - Feature Deck extraída de Cabin.
2025-12-06 22:26:34,390 - titanic_pipeline.preprocessing - INFO - Feature TicketPrefix extraída de Ticket.
2025-12-06 22:26:34,396 - titanic_pipeline.preprocessing - INFO - Interações criadas: AgeClass, FarePerPerson, Title_Interactions.
2025-12-06 22:26:34,411 - titanic_pipeline.preprocessing - INFO - Bins criados: feat_AgeBin, feat_FareBin, feat_AgeCategory_v2, feat_FareCategory_v2.
2025-12-06 22:26:34,419 - titanic_pipeline.preprocessing - INFO - Indicadores de missing criados: feat_*_missing.
2025-12-06 22:26:34,425 - titanic_pipeline.preprocessing - INFO - Features de família criadas: FamilySize, IsAlone.
2025-12-06 22:26:34,432 - titanic_pipeline.preprocessing - INFO - Feature Title extraída de Name.
2025-12-06 22:26:34,447 - titanic_pipeline.preprocessing - INFO - Feature Deck extraída de Cabin.
2025-12-06 22:26:34,451 - titanic_pipeline.preprocessing - INFO - Feature TicketPrefix extraída de Ticket.
2025-12-06 22:26:34,464 - titanic_pipeline.preprocessing - INFO - Interações criadas: AgeClass, FarePerPerson, Title_Interactions.
2025-12-06 22:26:34,477 - titanic_pipeline.preprocessing - INFO - Bins criados: feat_AgeBin, feat_FareBin, feat_AgeCategory_v2, feat_FareCategory_v2.
2025-12-06 22:26:34,483 - titanic_pipeline.preprocessing - INFO - Indicadores de missing criados: feat_*_missing.
2025-12-06 22:26:35,414 - titanic_pipeline.preprocessing - INFO - Feature engineering applied in parallel.
2025-12-06 22:26:35,416 - titanic_pipeline.utils - INFO - 🔒 Global seeds set to 42
2025-12-06 22:26:35,416 - titanic_pipeline.preprocessing - INFO - Iniciando target encoding para coluna Pclass
2025-12-06 22:26:35,444 - titanic_pipeline.preprocessing - INFO - Target encoding concluído e salvo em output/cache/te_maps_Pclass.json
2025-12-06 22:26:35,466 - titanic_pipeline.utils - INFO - 🔒 Global seeds set to 42
2025-12-06 22:26:35,466 - titanic_pipeline.preprocessing - INFO - Iniciando target encoding para coluna Sex
2025-12-06 22:26:35,493 - titanic_pipeline.preprocessing - INFO - Target encoding concluído e salvo em output/cache/te_maps_Sex.json
2025-12-06 22:26:35,512 - titanic_pipeline.utils - INFO - 🔒 Global seeds set to 42
2025-12-06 22:26:35,512 - titanic_pipeline.preprocessing - INFO - Iniciando target encoding para coluna Embarked
2025-12-06 22:26:35,542 - titanic_pipeline.preprocessing - INFO - Target encoding concluído e salvo em output/cache/te_maps_Embarked.json
2025-12-06 22:26:35,558 - titanic_pipeline.utils - INFO - 🔒 Global seeds set to 42
2025-12-06 22:26:35,558 - titanic_pipeline.preprocessing - INFO - Iniciando target encoding para coluna Title
2025-12-06 22:26:35,581 - titanic_pipeline.preprocessing - INFO - Target encoding concluído e salvo em output/cache/te_maps_Title.json
2025-12-06 22:26:35,597 - titanic_pipeline.utils - INFO - 🔒 Global seeds set to 42
2025-12-06 22:26:35,598 - titanic_pipeline.preprocessing - INFO - Iniciando target encoding para coluna Deck
2025-12-06 22:26:35,623 - titanic_pipeline.preprocessing - INFO - Target encoding concluído e salvo em output/cache/te_maps_Deck.json
2025-12-06 22:26:35,643 - titanic_pipeline.utils - INFO - 🔒 Global seeds set to 42
2025-12-06 22:26:35,644 - titanic_pipeline.preprocessing - INFO - Iniciando target encoding para coluna TicketPrefix
2025-12-06 22:26:35,671 - titanic_pipeline.preprocessing - INFO - Target encoding concluído e salvo em output/cache/te_maps_TicketPrefix.json
2025-12-06 22:26:35,688 - titanic_pipeline.preprocessing - INFO - Target encoding aplicado.
2025-12-06 22:26:35,688 - titanic_pipeline.preprocessing - INFO - Column consistency ensured between train and test.
2025-12-06 22:26:35,688 - titanic_pipeline.preprocessing - INFO - Advanced feature engineering completed.
2025-12-06 22:26:35,688 - __main__ - INFO -    ✅ Features geradas: train=(50, 34), test=(30, 33)
2025-12-06 22:26:35,689 - titanic_pipeline.utils - INFO - 🔒 Global seeds set to 42
2025-12-06 22:26:35,690 - titanic_pipeline.preprocessing - INFO - Features numéricas: ['Pclass', 'Age', 'SibSp', 'Parch', 'Fare', 'FamilySize', 'IsAlone', 'AgeClass', 'FarePerPerson', 'feat_Pclass_te', 'feat_Sex_te', 'feat_Embarked_te', 'feat_Title_te', 'feat_Deck_te', 'feat_TicketPrefix_te']
2025-12-06 22:26:35,690 - titanic_pipeline.preprocessing - INFO - Features categóricas: ['Sex', 'Embarked', 'Title', 'Deck', 'TicketPrefix', 'Title_Interactions', 'feat_AgeBin', 'feat_FareBin', 'feat_AgeCategory_v2', 'feat_FareCategory_v2', 'feat_Age_missing', 'feat_Cabin_missing', 'feat_Embarked_missing', 'feat_Fare_missing']
2025-12-06 22:26:35,690 - __main__ - ERROR - ❌ Erro em smoke tests: numerical_imputer deve ser 'simple', 'knn' ou 'iterative'. Recebido: 42
Traceback (most recent call last):
  File "C:\Projetos\UFV\ELT 579\Scripts e Datasets\Titanic From Disaster\train.py", line 453, in smoke_test
    preprocessor = create_feature_pipeline(train_fe, feature_cols_smoke, CONFIG["random_state"])
  File "C:\Projetos\UFV\ELT 579\Scripts e Datasets\Titanic From Disaster\titanic_pipeline\preprocessing.py", line 132, in create_feature_pipeline
    raise ValueError(
    ...<2 lines>...
    )
ValueError: numerical_imputer deve ser 'simple', 'knn' ou 'iterative'. Recebido: 42
2025-12-06 22:26:35,737 - __main__ - WARNING - ⚠️  Smoke tests falharam, mas continuando...
2025-12-06 22:26:35,738 - __main__ - INFO - 📁 CRIANDO DIRETÓRIOS...
2025-12-06 22:26:35,740 - __main__ - INFO - 📊 CARREGANDO E VALIDANDO DADOS...
2025-12-06 22:26:35,756 - __main__ - INFO - 🧠 OTIMIZANDO USO DE MEMÓRIA...
2025-12-06 22:26:35,762 - titanic_pipeline.core.utils - INFO - 🔍 VALIDANDO SCHEMA: train.csv
2025-12-06 22:26:35,768 - titanic_pipeline.core.utils - INFO - ✅ Schema válido para train.csv: 891 linhas, 12 colunas
2025-12-06 22:26:35,768 - titanic_pipeline.core.utils - INFO -    📄 Relatório salvo em output/relatorios/schema_validation_train.csv.json
2025-12-06 22:26:35,768 - titanic_pipeline.core.utils - INFO - 🔍 VALIDANDO SCHEMA: test.csv
2025-12-06 22:26:35,771 - titanic_pipeline.core.utils - INFO - ✅ Schema válido para test.csv: 418 linhas, 11 colunas
2025-12-06 22:26:35,771 - titanic_pipeline.core.utils - INFO -    📄 Relatório salvo em output/relatorios/schema_validation_test.csv.json
2025-12-06 22:26:35,771 - __main__ - INFO - 🔧 CRIANDO FEATURES AVANÇADAS COM CACHE...
2025-12-06 22:26:35,772 - titanic_pipeline.utils - INFO - 🔒 Global seeds set to 42
2025-12-06 22:26:35,772 - titanic_pipeline.preprocessing - INFO - AdvancedFeatureEngineer initialized: parallel=True, heavy_ops=True, training=True
2025-12-06 22:26:35,790 - __main__ - INFO -    📖 Features de treino carregadas do cache (v1.0.0)
2025-12-06 22:26:35,791 - __main__ - INFO - 🤖 TREINANDO MODELOS COM PARALELIZAÇÃO...
2025-12-06 22:26:35,909 - titanic_pipeline.utils - INFO - 🔒 Global seeds set to 42
2025-12-06 22:26:35,910 - titanic_pipeline.preprocessing - INFO - Features numéricas: ['Pclass', 'Age', 'SibSp', 'Parch', 'Fare']
2025-12-06 22:26:35,910 - titanic_pipeline.preprocessing - INFO - Features categóricas: ['Sex', 'Embarked']
2025-12-06 22:26:35,910 - titanic_pipeline.preprocessing - INFO - Pipeline de pré-processamento criado com sucesso.
2025-12-06 22:26:35,938 - __main__ - INFO - Resultados dos modelos carregados do cache
2025-12-06 22:26:35,939 - __main__ - INFO - Modelos treinados: 18 modelos em 0.15s
2025-12-06 22:26:35,939 - __main__ - INFO - CRIANDO ENSEMBLE E GRÁFICO DE COMPARAÇÃO...
2025-12-06 22:26:35,939 - __main__ - INFO - 📊 Pesos do Ensemble (normalizados):
2025-12-06 22:26:35,939 - __main__ - INFO -    LDA: 1.000
2025-12-06 22:26:35,939 - __main__ - INFO -    Logistic Regression: 0.550
2025-12-06 22:26:35,939 - __main__ - INFO -    SVC: 0.100
2025-12-06 22:26:41,224 - __main__ - INFO - ✅ Ensemble Voting criado: Acc=0.7934 ± 0.0306
2025-12-06 22:26:56,367 - __main__ - INFO - ✅ Ensemble stacking criado: Acc=0.8182
2025-12-06 22:26:56,367 - __main__ - INFO - GERANDO GRÁFICOS E RELATÓRIOS...
2025-12-06 22:26:57,135 - titanic_pipeline.core.reporting - INFO - Model performance logged to output/reports/model_performance.csv
2025-12-06 22:26:57,137 - titanic_pipeline.core.reporting - ERROR -    ❌ ROC curve generation failed: X has 11 features, but RandomForestClassifier is expecting 62 features as input.
2025-12-06 22:26:57,139 - titanic_pipeline.core.reporting - ERROR -    ❌ Feature correlation heatmap generation failed: could not convert string to float: 'male'
2025-12-06 22:26:58,053 - titanic_pipeline.core.reporting - INFO -    📊 Model performance timeline generated
2025-12-06 22:26:58,053 - __main__ - INFO - SALVANDO MODELO FINAL...
2025-12-06 22:26:58,064 - titanic_pipeline.core.modeling - INFO - Pipeline saved to output/models/best_model_pipeline.pkl
2025-12-06 22:26:58,064 - __main__ - INFO - Modelo final 'Ensemble_Stacking' salvo como pipeline completo.
2025-12-06 22:26:58,064 - __main__ - INFO - 📤 GERANDO ARQUIVO DE SUBMISSÃO A PARTIR DO MODELO SALVO...
2025-12-06 22:26:58,089 - titanic_pipeline.core.modeling - INFO - Pipeline loaded from output/models/best_model_pipeline.pkl
2025-12-06 22:26:58,120 - titanic_pipeline.core.modeling - INFO - Predictions generated for 418 samples
2025-12-06 22:26:58,124 - __main__ - INFO -    ✅ Submission gerada e salva em: output/submission.csv
2025-12-06 22:26:58,129 - titanic_pipeline.core.reporting - INFO -    📝 Markdown report saved: output\relatorios\relatorio_final.md
2025-12-06 22:26:58,590 - titanic_pipeline.core.reporting - INFO -    📄 DOCX report saved: output\relatorios\relatorio_final.docx
2025-12-06 22:26:58,969 - titanic_pipeline.core.reporting - INFO -    📕 PDF report saved: output\relatorios\relatorio_final.pdf
2025-12-06 22:26:58,970 - titanic_pipeline.core.reporting - ERROR -    ❌ Calibration plot generation failed: X has 11 features, but RandomForestClassifier is expecting 62 features as input.
2025-12-06 22:27:04,397 - titanic_pipeline.core.reporting - INFO -    📊 Feature importance plots generated
2025-12-06 22:27:04,401 - titanic_pipeline.core.reporting - INFO -    📝 Changelog and manifest generated
2025-12-06 22:27:04,402 - titanic_pipeline.core.reporting - INFO -    ⏱️  Timing report saved
2025-12-06 22:27:04,405 - __main__ - INFO - ✅ Métricas exportadas: output/relatorios/metrics.json
2025-12-06 22:27:04,406 - __main__ - INFO - ================================================================================
2025-12-06 22:27:04,406 - __main__ - INFO - 📊 RESUMO FINAL DO PIPELINE TITANIC ML
2025-12-06 22:27:04,406 - __main__ - INFO - ================================================================================
2025-12-06 22:27:04,406 - __main__ - INFO - ⏱️  Tempo total: 33.74s
2025-12-06 22:27:04,406 - __main__ - INFO - 🤖 Modelos treinados: 20/20
2025-12-06 22:27:04,406 - __main__ - INFO - 🏆 Melhor modelo: Ridge Classifier (Acc: 0.8238)
2025-12-06 22:27:04,406 - __main__ - CRITICAL - ❌ ERRO CRÍTICO NO PIPELINE DE TREINAMENTO: Invalid format specifier '.4f if metrics['ensemble'] else 'N/A'' for object of type 'float'
Traceback (most recent call last):
  File "C:\Projetos\UFV\ELT 579\Scripts e Datasets\Titanic From Disaster\train.py", line 822, in main
    logger.info(f"🎯 Ensemble: {metrics['ensemble']['name'] if metrics['ensemble'] else 'Nenhum'} (Acc: {metrics['ensemble']['accuracy']:.4f if metrics['ensemble'] else 'N/A'})")
                                                                                                        ^^^^^^^^^^^^^^^^^^^^^^^^^^^^^^^^^^^^^^^^^^^^^^^^^^^^^^^^^^^^^^^^^^^^^^^
ValueError: Invalid format specifier '.4f if metrics['ensemble'] else 'N/A'' for object of type 'float'
2025-12-06 22:33:28,291 - __main__ - INFO - ================================================================================
2025-12-06 22:33:28,292 - __main__ - INFO - INICIANDO PIPELINE DE TREINAMENTO - TITANIC
2025-12-06 22:33:28,292 - __main__ - INFO - ================================================================================
2025-12-06 22:33:28,292 - __main__ - INFO - 🚀 Rodando smoke tests antes do pipeline principal...
2025-12-06 22:33:28,292 - __main__ - INFO - 🧪 Iniciando SMOKE TESTS...
2025-12-06 22:33:28,293 - __main__ - INFO -    ✅ Diretórios e arquivos OK
2025-12-06 22:33:28,305 - __main__ - INFO -    ✅ Dados carregados: train=(50, 12), test=(30, 11)
2025-12-06 22:33:28,305 - titanic_pipeline.core.utils - INFO - 🔍 VALIDANDO SCHEMA: train.csv
2025-12-06 22:33:28,307 - titanic_pipeline.core.utils - INFO - ✅ Schema válido para train.csv: 50 linhas, 12 colunas
2025-12-06 22:33:28,307 - titanic_pipeline.core.utils - INFO -    📄 Relatório salvo em output/relatorios/schema_validation_train.csv.json
2025-12-06 22:33:28,307 - titanic_pipeline.core.utils - INFO - 🔍 VALIDANDO SCHEMA: test.csv
2025-12-06 22:33:28,308 - titanic_pipeline.core.utils - INFO - ✅ Schema válido para test.csv: 30 linhas, 11 colunas
2025-12-06 22:33:28,309 - titanic_pipeline.core.utils - INFO -    📄 Relatório salvo em output/relatorios/schema_validation_test.csv.json
2025-12-06 22:33:28,309 - __main__ - INFO -    ✅ Schema válido
2025-12-06 22:33:28,309 - titanic_pipeline.utils - INFO - 🔒 Global seeds set to 42
2025-12-06 22:33:28,309 - titanic_pipeline.preprocessing - INFO - AdvancedFeatureEngineer initialized: parallel=True, heavy_ops=True, training=True
2025-12-06 22:33:28,309 - titanic_pipeline.preprocessing - INFO - Starting advanced feature engineering...
2025-12-06 22:33:38,290 - titanic_pipeline.preprocessing - INFO - Features de família criadas: FamilySize, IsAlone.
2025-12-06 22:33:38,295 - titanic_pipeline.preprocessing - INFO - Feature Title extraída de Name.
2025-12-06 22:33:38,302 - titanic_pipeline.preprocessing - INFO - Feature Deck extraída de Cabin.
2025-12-06 22:33:38,307 - titanic_pipeline.preprocessing - INFO - Feature TicketPrefix extraída de Ticket.
2025-12-06 22:33:38,313 - titanic_pipeline.preprocessing - INFO - Interações criadas: AgeClass, FarePerPerson, Title_Interactions.
2025-12-06 22:33:38,324 - titanic_pipeline.preprocessing - INFO - Bins criados: feat_AgeBin, feat_FareBin, feat_AgeCategory_v2, feat_FareCategory_v2.
2025-12-06 22:33:38,333 - titanic_pipeline.preprocessing - INFO - Indicadores de missing criados: feat_*_missing.
2025-12-06 22:33:38,338 - titanic_pipeline.preprocessing - INFO - Features de família criadas: FamilySize, IsAlone.
2025-12-06 22:33:38,342 - titanic_pipeline.preprocessing - INFO - Feature Title extraída de Name.
2025-12-06 22:33:38,348 - titanic_pipeline.preprocessing - INFO - Feature Deck extraída de Cabin.
2025-12-06 22:33:38,352 - titanic_pipeline.preprocessing - INFO - Feature TicketPrefix extraída de Ticket.
2025-12-06 22:33:38,359 - titanic_pipeline.preprocessing - INFO - Interações criadas: AgeClass, FarePerPerson, Title_Interactions.
2025-12-06 22:33:38,367 - titanic_pipeline.preprocessing - INFO - Bins criados: feat_AgeBin, feat_FareBin, feat_AgeCategory_v2, feat_FareCategory_v2.
2025-12-06 22:33:38,376 - titanic_pipeline.preprocessing - INFO - Indicadores de missing criados: feat_*_missing.
2025-12-06 22:33:39,182 - titanic_pipeline.preprocessing - INFO - Feature engineering applied in parallel.
2025-12-06 22:33:39,184 - titanic_pipeline.utils - INFO - 🔒 Global seeds set to 42
2025-12-06 22:33:39,184 - titanic_pipeline.preprocessing - INFO - Iniciando target encoding para coluna Pclass
2025-12-06 22:33:39,205 - titanic_pipeline.preprocessing - INFO - Target encoding concluído e salvo em output/cache/te_maps_Pclass.json
2025-12-06 22:33:39,210 - titanic_pipeline.utils - INFO - 🔒 Global seeds set to 42
2025-12-06 22:33:39,211 - titanic_pipeline.preprocessing - INFO - Iniciando target encoding para coluna Sex
2025-12-06 22:33:39,227 - titanic_pipeline.preprocessing - INFO - Target encoding concluído e salvo em output/cache/te_maps_Sex.json
2025-12-06 22:33:39,232 - titanic_pipeline.utils - INFO - 🔒 Global seeds set to 42
2025-12-06 22:33:39,233 - titanic_pipeline.preprocessing - INFO - Iniciando target encoding para coluna Embarked
2025-12-06 22:33:39,249 - titanic_pipeline.preprocessing - INFO - Target encoding concluído e salvo em output/cache/te_maps_Embarked.json
2025-12-06 22:33:39,254 - titanic_pipeline.utils - INFO - 🔒 Global seeds set to 42
2025-12-06 22:33:39,254 - titanic_pipeline.preprocessing - INFO - Iniciando target encoding para coluna Title
2025-12-06 22:33:39,270 - titanic_pipeline.preprocessing - INFO - Target encoding concluído e salvo em output/cache/te_maps_Title.json
2025-12-06 22:33:39,275 - titanic_pipeline.utils - INFO - 🔒 Global seeds set to 42
2025-12-06 22:33:39,275 - titanic_pipeline.preprocessing - INFO - Iniciando target encoding para coluna Deck
2025-12-06 22:33:39,296 - titanic_pipeline.preprocessing - INFO - Target encoding concluído e salvo em output/cache/te_maps_Deck.json
2025-12-06 22:33:39,301 - titanic_pipeline.utils - INFO - 🔒 Global seeds set to 42
2025-12-06 22:33:39,301 - titanic_pipeline.preprocessing - INFO - Iniciando target encoding para coluna TicketPrefix
2025-12-06 22:33:39,319 - titanic_pipeline.preprocessing - INFO - Target encoding concluído e salvo em output/cache/te_maps_TicketPrefix.json
2025-12-06 22:33:39,323 - titanic_pipeline.preprocessing - INFO - Target encoding aplicado.
2025-12-06 22:33:39,323 - titanic_pipeline.preprocessing - INFO - Column consistency ensured between train and test.
2025-12-06 22:33:39,324 - titanic_pipeline.preprocessing - INFO - Advanced feature engineering completed.
2025-12-06 22:33:39,324 - __main__ - INFO -    ✅ Features geradas: train=(50, 34), test=(30, 33)
2025-12-06 22:33:39,324 - titanic_pipeline.utils - INFO - 🔒 Global seeds set to 42
2025-12-06 22:33:39,326 - titanic_pipeline.preprocessing - INFO - Features numéricas: ['Pclass', 'Age', 'SibSp', 'Parch', 'Fare', 'FamilySize', 'IsAlone', 'AgeClass', 'FarePerPerson', 'feat_Pclass_te', 'feat_Sex_te', 'feat_Embarked_te', 'feat_Title_te', 'feat_Deck_te', 'feat_TicketPrefix_te']
2025-12-06 22:33:39,326 - titanic_pipeline.preprocessing - INFO - Features categóricas: ['Sex', 'Embarked', 'Title', 'Deck', 'TicketPrefix', 'Title_Interactions', 'feat_AgeBin', 'feat_FareBin', 'feat_AgeCategory_v2', 'feat_FareCategory_v2', 'feat_Age_missing', 'feat_Cabin_missing', 'feat_Embarked_missing', 'feat_Fare_missing']
2025-12-06 22:33:39,327 - __main__ - ERROR - ❌ Erro em smoke tests: numerical_imputer deve ser 'simple', 'knn' ou 'iterative'. Recebido: 42
Traceback (most recent call last):
  File "C:\Projetos\UFV\ELT 579\Scripts e Datasets\Titanic From Disaster\train.py", line 453, in smoke_test
    preprocessor = create_feature_pipeline(train_fe, feature_cols_smoke, CONFIG["random_state"])
  File "C:\Projetos\UFV\ELT 579\Scripts e Datasets\Titanic From Disaster\titanic_pipeline\preprocessing.py", line 132, in create_feature_pipeline
    raise ValueError(
    ...<2 lines>...
    )
ValueError: numerical_imputer deve ser 'simple', 'knn' ou 'iterative'. Recebido: 42
2025-12-06 22:33:39,329 - __main__ - WARNING - ⚠️  Smoke tests falharam, mas continuando...
2025-12-06 22:33:39,329 - __main__ - INFO - 📁 CRIANDO DIRETÓRIOS...
2025-12-06 22:33:39,330 - __main__ - INFO - 📊 CARREGANDO E VALIDANDO DADOS...
2025-12-06 22:33:39,337 - __main__ - INFO - 🧠 OTIMIZANDO USO DE MEMÓRIA...
2025-12-06 22:33:39,344 - titanic_pipeline.core.utils - INFO - 🔍 VALIDANDO SCHEMA: train.csv
2025-12-06 22:33:39,346 - titanic_pipeline.core.utils - INFO - ✅ Schema válido para train.csv: 891 linhas, 12 colunas
2025-12-06 22:33:39,347 - titanic_pipeline.core.utils - INFO -    📄 Relatório salvo em output/relatorios/schema_validation_train.csv.json
2025-12-06 22:33:39,347 - titanic_pipeline.core.utils - INFO - 🔍 VALIDANDO SCHEMA: test.csv
2025-12-06 22:33:39,349 - titanic_pipeline.core.utils - INFO - ✅ Schema válido para test.csv: 418 linhas, 11 colunas
2025-12-06 22:33:39,349 - titanic_pipeline.core.utils - INFO -    📄 Relatório salvo em output/relatorios/schema_validation_test.csv.json
2025-12-06 22:33:39,349 - __main__ - INFO - 🔧 CRIANDO FEATURES AVANÇADAS COM CACHE...
2025-12-06 22:33:39,349 - titanic_pipeline.utils - INFO - 🔒 Global seeds set to 42
2025-12-06 22:33:39,349 - titanic_pipeline.preprocessing - INFO - AdvancedFeatureEngineer initialized: parallel=True, heavy_ops=True, training=True
2025-12-06 22:33:39,352 - __main__ - INFO -    📖 Features de treino carregadas do cache (v1.0.0)
2025-12-06 22:33:39,352 - __main__ - INFO - 🤖 TREINANDO MODELOS COM PARALELIZAÇÃO...
2025-12-06 22:33:39,420 - titanic_pipeline.utils - INFO - 🔒 Global seeds set to 42
2025-12-06 22:33:39,420 - titanic_pipeline.preprocessing - INFO - Features numéricas: ['Pclass', 'Age', 'SibSp', 'Parch', 'Fare']
2025-12-06 22:33:39,420 - titanic_pipeline.preprocessing - INFO - Features categóricas: ['Sex', 'Embarked']
2025-12-06 22:33:39,421 - titanic_pipeline.preprocessing - INFO - Pipeline de pré-processamento criado com sucesso.
2025-12-06 22:33:39,436 - __main__ - INFO - Resultados dos modelos carregados do cache
2025-12-06 22:33:39,436 - __main__ - INFO - Modelos treinados: 18 modelos em 0.08s
2025-12-06 22:33:39,436 - __main__ - INFO - CRIANDO ENSEMBLE E GRÁFICO DE COMPARAÇÃO...
2025-12-06 22:33:39,436 - __main__ - INFO - 📊 Pesos do Ensemble (normalizados):
2025-12-06 22:33:39,436 - __main__ - INFO -    LDA: 1.000
2025-12-06 22:33:39,437 - __main__ - INFO -    Logistic Regression: 0.550
2025-12-06 22:33:39,437 - __main__ - INFO -    SVC: 0.100
2025-12-06 22:33:43,923 - __main__ - INFO - ✅ Ensemble Voting criado: Acc=0.7934 ± 0.0306
2025-12-06 22:33:58,294 - __main__ - INFO - ✅ Ensemble stacking criado: Acc=0.8182
2025-12-06 22:33:58,294 - __main__ - INFO - GERANDO GRÁFICOS E RELATÓRIOS...
2025-12-06 22:33:58,953 - titanic_pipeline.core.reporting - INFO - Model performance logged to output/reports/model_performance.csv
2025-12-06 22:33:58,955 - titanic_pipeline.core.reporting - ERROR -    ❌ ROC curve generation failed: X has 11 features, but RandomForestClassifier is expecting 62 features as input.
2025-12-06 22:33:58,957 - titanic_pipeline.core.reporting - ERROR -    ❌ Feature correlation heatmap generation failed: could not convert string to float: 'male'
2025-12-06 22:33:59,826 - titanic_pipeline.core.reporting - INFO -    📊 Model performance timeline generated
2025-12-06 22:33:59,826 - __main__ - INFO - SALVANDO MODELO FINAL...
2025-12-06 22:33:59,829 - titanic_pipeline.core.modeling - INFO - Pipeline saved to output/models/best_model_pipeline.pkl
2025-12-06 22:33:59,829 - __main__ - INFO - Modelo final 'Ensemble_Stacking' salvo como pipeline completo.
2025-12-06 22:33:59,829 - __main__ - INFO - 📤 GERANDO ARQUIVO DE SUBMISSÃO A PARTIR DO MODELO SALVO...
2025-12-06 22:33:59,848 - titanic_pipeline.core.modeling - INFO - Pipeline loaded from output/models/best_model_pipeline.pkl
2025-12-06 22:33:59,877 - titanic_pipeline.core.modeling - INFO - Predictions generated for 418 samples
2025-12-06 22:33:59,881 - __main__ - INFO -    ✅ Submission gerada e salva em: output/submission.csv
2025-12-06 22:33:59,883 - titanic_pipeline.core.reporting - INFO -    📝 Markdown report saved: output\relatorios\relatorio_final.md
2025-12-06 22:34:00,145 - titanic_pipeline.core.reporting - INFO -    📄 DOCX report saved: output\relatorios\relatorio_final.docx
2025-12-06 22:34:00,381 - titanic_pipeline.core.reporting - INFO -    📕 PDF report saved: output\relatorios\relatorio_final.pdf
2025-12-06 22:34:00,382 - titanic_pipeline.core.reporting - ERROR -    ❌ Calibration plot generation failed: X has 11 features, but RandomForestClassifier is expecting 62 features as input.
2025-12-06 22:34:05,814 - titanic_pipeline.core.reporting - INFO -    📊 Feature importance plots generated
2025-12-06 22:34:05,817 - titanic_pipeline.core.reporting - INFO -    📝 Changelog and manifest generated
2025-12-06 22:34:05,818 - titanic_pipeline.core.reporting - INFO -    ⏱️  Timing report saved
2025-12-06 22:34:05,821 - __main__ - INFO - ✅ Métricas exportadas: output/relatorios/metrics.json
2025-12-06 22:34:05,821 - __main__ - INFO - ================================================================================
2025-12-06 22:34:05,821 - __main__ - INFO - 📊 RESUMO FINAL DO PIPELINE TITANIC ML
2025-12-06 22:34:05,821 - __main__ - INFO - ================================================================================
2025-12-06 22:34:05,822 - __main__ - INFO - ⏱️  Tempo total: 31.59s
2025-12-06 22:34:05,822 - __main__ - INFO - 🤖 Modelos treinados: 20/20
2025-12-06 22:34:05,822 - __main__ - INFO - 🏆 Melhor modelo: Ridge Classifier (Acc: 0.8238)
2025-12-06 22:34:05,822 - __main__ - CRITICAL - ❌ ERRO CRÍTICO NO PIPELINE DE TREINAMENTO: Invalid format specifier '.4f if metrics['ensemble'] else 'N/A'' for object of type 'float'
Traceback (most recent call last):
  File "C:\Projetos\UFV\ELT 579\Scripts e Datasets\Titanic From Disaster\train.py", line 822, in main
    logger.info(f"🎯 Ensemble: {metrics['ensemble']['name'] if metrics['ensemble'] else 'Nenhum'} (Acc: {metrics['ensemble']['accuracy']:.4f if metrics['ensemble'] else 'N/A'})")
                                                                                                        ^^^^^^^^^^^^^^^^^^^^^^^^^^^^^^^^^^^^^^^^^^^^^^^^^^^^^^^^^^^^^^^^^^^^^^^
ValueError: Invalid format specifier '.4f if metrics['ensemble'] else 'N/A'' for object of type 'float'
