2026-02-19 23:09:46,749 - __main__ - INFO - ================================================================================
2026-02-19 23:09:46,750 - __main__ - INFO - INICIANDO PIPELINE COMPLETO DO TITANIC
2026-02-19 23:09:46,750 - __main__ - INFO - Timestamp: 20260219_230946
2026-02-19 23:09:46,753 - __main__ - INFO - ================================================================================
2026-02-19 23:09:51,400 - __main__ - INFO - Chamando função main()...
2026-02-19 23:09:52,483 - matplotlib.category - INFO - Using categorical units to plot a list of strings that are all parsable as floats or dates. If these strings should be plotted as numbers, cast to the appropriate data type before plotting.
2026-02-19 23:09:52,491 - matplotlib.category - INFO - Using categorical units to plot a list of strings that are all parsable as floats or dates. If these strings should be plotted as numbers, cast to the appropriate data type before plotting.
2026-02-19 23:09:53,931 - matplotlib.category - INFO - Using categorical units to plot a list of strings that are all parsable as floats or dates. If these strings should be plotted as numbers, cast to the appropriate data type before plotting.
2026-02-19 23:09:53,939 - matplotlib.category - INFO - Using categorical units to plot a list of strings that are all parsable as floats or dates. If these strings should be plotted as numbers, cast to the appropriate data type before plotting.
2026-02-19 23:09:54,420 - matplotlib.category - INFO - Using categorical units to plot a list of strings that are all parsable as floats or dates. If these strings should be plotted as numbers, cast to the appropriate data type before plotting.
2026-02-19 23:09:54,427 - matplotlib.category - INFO - Using categorical units to plot a list of strings that are all parsable as floats or dates. If these strings should be plotted as numbers, cast to the appropriate data type before plotting.
2026-02-19 23:09:56,868 - matplotlib.category - INFO - Using categorical units to plot a list of strings that are all parsable as floats or dates. If these strings should be plotted as numbers, cast to the appropriate data type before plotting.
2026-02-19 23:09:56,881 - matplotlib.category - INFO - Using categorical units to plot a list of strings that are all parsable as floats or dates. If these strings should be plotted as numbers, cast to the appropriate data type before plotting.
2026-02-19 23:09:57,068 - matplotlib.category - INFO - Using categorical units to plot a list of strings that are all parsable as floats or dates. If these strings should be plotted as numbers, cast to the appropriate data type before plotting.
2026-02-19 23:09:57,078 - matplotlib.category - INFO - Using categorical units to plot a list of strings that are all parsable as floats or dates. If these strings should be plotted as numbers, cast to the appropriate data type before plotting.
2026-02-19 23:09:58,110 - __main__ - ERROR - ================================================================================
2026-02-19 23:09:58,110 - __main__ - ERROR - ERRO DURANTE EXECUÇÃO DO PIPELINE: name 'np' is not defined
Traceback (most recent call last):
  File "C:\Projetos\UFV\ELT 579\Scripts e Datasets\Titanic From Disaster\run_full_pipeline.py", line 43, in <module>
    main()
  File "C:\Projetos\UFV\ELT 579\Scripts e Datasets\Titanic From Disaster\src\gerar_relatorio_titanic.py", line 606, in gerar_relatorio_completo
    imgs_eda = gerar_graficos_eda(df, df_raw)
               ^^^^^^^^^^^^^^^^^^^^^^^^^^^^^^
  File "C:\Projetos\UFV\ELT 579\Scripts e Datasets\Titanic From Disaster\src\gerar_relatorio_titanic.py", line 305, in gerar_graficos_eda
    missing_values = missing.to_numpy(dtype=np.int64)
                                            ^^
NameError: name 'np' is not defined
2026-02-19 23:09:58,114 - __main__ - ERROR - ================================================================================
