2026-02-19 23:02:41,160 - __main__ - INFO - ================================================================================
2026-02-19 23:02:41,161 - __main__ - INFO - INICIANDO PIPELINE COMPLETO DO TITANIC
2026-02-19 23:02:41,161 - __main__ - INFO - Timestamp: 20260219_230241
2026-02-19 23:02:41,162 - __main__ - INFO - ================================================================================
2026-02-19 23:03:13,714 - matplotlib.font_manager - INFO - generated new fontManager
2026-02-19 23:04:38,639 - __main__ - ERROR - ================================================================================
2026-02-19 23:04:38,639 - __main__ - ERROR - ERRO DURANTE EXECUÇÃO DO PIPELINE: cannot import name 'RelatorioBuilder' from 'relatorio_utils' (C:\Projetos\UFV\ELT 579\Scripts e Datasets\Titanic From Disaster\relatorio_utils.py)
Traceback (most recent call last):
  File "C:\Projetos\UFV\ELT 579\Scripts e Datasets\Titanic From Disaster\src\gerar_relatorio_titanic.py", line 40, in <module>
    from .relatorio_utils import RelatorioBuilder
  File "C:\Projetos\UFV\ELT 579\Scripts e Datasets\Titanic From Disaster\src\relatorio_utils.py", line 15, in <module>
    from docx import Document
ModuleNotFoundError: No module named 'docx'

During handling of the above exception, another exception occurred:

Traceback (most recent call last):
  File "C:\Projetos\UFV\ELT 579\Scripts e Datasets\Titanic From Disaster\run_full_pipeline.py", line 40, in <module>
    from src.gerar_relatorio_titanic import gerar_relatorio_completo as main
  File "C:\Projetos\UFV\ELT 579\Scripts e Datasets\Titanic From Disaster\src\gerar_relatorio_titanic.py", line 43, in <module>
    from relatorio_utils import RelatorioBuilder
ImportError: cannot import name 'RelatorioBuilder' from 'relatorio_utils' (C:\Projetos\UFV\ELT 579\Scripts e Datasets\Titanic From Disaster\relatorio_utils.py)
2026-02-19 23:04:38,641 - __main__ - ERROR - ================================================================================
